2026-09-14T19:50:47.509+06:00  INFO 18536 --- [oauth-assignment] [main] c.d.o.ApWjOauthAssignmentApplication     : Starting ApWjOauthAssignmentApplication using Java 25.0.3 with PID 18536 (D:\Semister's\11th Semister\ADVANCED PROGRAMMING WITH JAVA [A]\APWj-oauth-assignment\target\classes started by PC in D:\Semister's\11th Semister\ADVANCED PROGRAMMING WITH JAVA [A]\APWj-oauth-assignment)
2026-09-14T19:50:47.511+06:00  INFO 18536 --- [oauth-assignment] [main] c.d.o.ApWjOauthAssignmentApplication     : No active profile set, falling back to 1 default profile: "default"
2026-09-14T19:50:48.037+06:00  INFO 18536 --- [oauth-assignment] [main] o.s.boot.tomcat.TomcatWebServer          : Tomcat initialized with port 8080 (http)
2026-09-14T19:50:48.046+06:00  INFO 18536 --- [oauth-assignment] [main] o.apache.catalina.core.StandardService   : Starting service [Tomcat]
2026-09-14T19:50:48.046+06:00  INFO 18536 --- [oauth-assignment] [main] o.apache.catalina.core.StandardEngine    : Starting Servlet engine: [Apache Tomcat/11.0.24]
2026-09-14T19:50:48.078+06:00  INFO 18536 --- [oauth-assignment] [main] b.w.c.s.WebApplicationContextInitializer : Root WebApplicationContext: initialization completed in 534 ms
2026-09-14T19:50:48.261+06:00 DEBUG 18536 --- [oauth-assignment] [main] swordEncoderAuthenticationManagerBuilder : No authenticationProviders and no parentAuthenticationManager defined. Returning null.
2026-09-14T19:50:48.340+06:00 DEBUG 18536 --- [oauth-assignment] [main] o.s.s.web.DefaultSecurityFilterChain     : Will secure any request with filters: DisableEncodeUrlFilter, WebAsyncManagerIntegrationFilter, SecurityContextHolderFilter, HeaderWriterFilter, CsrfFilter, LogoutFilter, OAuth2AuthorizationRequestRedirectFilter, OAuth2LoginAuthenticationFilter, DefaultResourcesFilter, DefaultLoginPageGeneratingFilter, DefaultLogoutPageGeneratingFilter, RequestCacheAwareFilter, SecurityContextHolderAwareRequestFilter, AnonymousAuthenticationFilter, ExceptionTranslationFilter, AuthorizationFilter
2026-09-14T19:50:48.356+06:00  INFO 18536 --- [oauth-assignment] [main] o.s.b.w.a.WelcomePageHandlerMapping      : Adding welcome page: class path resource [static/index.html]
2026-09-14T19:50:48.439+06:00  INFO 18536 --- [oauth-assignment] [main] o.s.boot.tomcat.TomcatWebServer          : Tomcat started on port 8080 (http) with context path '/'
2026-09-14T19:50:48.442+06:00  INFO 18536 --- [oauth-assignment] [main] c.d.o.ApWjOauthAssignmentApplication     : Started ApWjOauthAssignmentApplication in 1.249 seconds (process running for 1.498)
2026-09-14T19:50:48.444+06:00  INFO 18536 --- [oauth-assignment] [main] com.data.oauth.logging.SecurityLogger    : Application startup complete. System is ready.
2026-09-14T19:50:52.970+06:00  INFO 18536 --- [oauth-assignment] [http-nio-8080-exec-1] o.a.c.c.C.[Tomcat].[localhost].[/]       : Initializing Spring DispatcherServlet 'dispatcherServlet'
2026-09-14T19:50:52.971+06:00  INFO 18536 --- [oauth-assignment] [http-nio-8080-exec-1] o.s.web.servlet.DispatcherServlet        : Initializing Servlet 'dispatcherServlet'
2026-09-14T19:50:52.971+06:00  INFO 18536 --- [oauth-assignment] [http-nio-8080-exec-1] o.s.web.servlet.DispatcherServlet        : Completed initialization in 0 ms
2026-09-14T19:50:52.975+06:00 DEBUG 18536 --- [oauth-assignment] [http-nio-8080-exec-1] o.s.security.web.FilterChainProxy        : Securing GET /
2026-09-14T19:50:52.986+06:00 DEBUG 18536 --- [oauth-assignment] [http-nio-8080-exec-1] o.s.security.web.FilterChainProxy        : Secured GET /
2026-09-14T19:50:52.998+06:00 DEBUG 18536 --- [oauth-assignment] [http-nio-8080-exec-1] o.s.security.web.FilterChainProxy        : Securing GET /index.html
2026-09-14T19:50:52.998+06:00 DEBUG 18536 --- [oauth-assignment] [http-nio-8080-exec-1] o.s.security.web.FilterChainProxy        : Secured GET /index.html
2026-09-14T19:50:53.008+06:00 DEBUG 18536 --- [oauth-assignment] [http-nio-8080-exec-1] o.s.s.w.a.AnonymousAuthenticationFilter  : Set SecurityContextHolder to anonymous SecurityContext
2026-09-14T19:50:53.031+06:00 DEBUG 18536 --- [oauth-assignment] [http-nio-8080-exec-4] o.s.security.web.FilterChainProxy        : Securing GET /style.css
2026-09-14T19:50:53.032+06:00 DEBUG 18536 --- [oauth-assignment] [http-nio-8080-exec-4] o.s.security.web.FilterChainProxy        : Secured GET /style.css
2026-09-14T19:50:53.035+06:00 DEBUG 18536 --- [oauth-assignment] [http-nio-8080-exec-4] o.s.s.w.a.AnonymousAuthenticationFilter  : Set SecurityContextHolder to anonymous SecurityContext
2026-09-14T19:50:53.035+06:00 DEBUG 18536 --- [oauth-assignment] [http-nio-8080-exec-4] o.s.security.web.FilterChainProxy        : Securing GET /error
2026-09-14T19:50:53.036+06:00 DEBUG 18536 --- [oauth-assignment] [http-nio-8080-exec-4] o.s.s.w.a.AnonymousAuthenticationFilter  : Set SecurityContextHolder to anonymous SecurityContext
2026-09-14T19:50:53.049+06:00 DEBUG 18536 --- [oauth-assignment] [http-nio-8080-exec-4] o.s.s.w.s.HttpSessionRequestCache        : Saved request http://localhost:8080/error?continue to session
2026-09-14T19:50:53.053+06:00 DEBUG 18536 --- [oauth-assignment] [http-nio-8080-exec-4] s.w.a.DelegatingAuthenticationEntryPoint : Trying to match using And [Not [RequestHeaderRequestMatcher [expectedHeaderName=X-Requested-With, expectedHeaderValue=XMLHttpRequest]], Not [And [Or [PathPattern [/login], PathPattern [/favicon.ico]], And [Not [RequestHeaderRequestMatcher [expectedHeaderName=X-Requested-With, expectedHeaderValue=XMLHttpRequest]], MediaTypeRequestMatcher [contentNegotiationStrategy=org.springframework.web.accept.ContentNegotiationManager@697a2675, matchingMediaTypes=[application/xhtml+xml, image/*, text/html, text/plain], useEquals=false, ignoredMediaTypes=[*/*]]]]], org.springframework.security.config.annotation.web.configurers.oauth2.client.OAuth2LoginConfigurer$$Lambda/0x000000003948a570@677d8f44]
2026-09-14T19:50:53.054+06:00 DEBUG 18536 --- [oauth-assignment] [http-nio-8080-exec-4] s.w.a.DelegatingAuthenticationEntryPoint : Match found! Executing org.springframework.security.web.authentication.LoginUrlAuthenticationEntryPoint@7bf73cf8
2026-09-14T19:50:53.055+06:00 DEBUG 18536 --- [oauth-assignment] [http-nio-8080-exec-4] o.s.s.web.DefaultRedirectStrategy        : Redirecting to /oauth2/authorization/google;jsessionid=4CDF596B76BF409D5C923D81C183EF67
2026-09-14T19:50:53.181+06:00 DEBUG 18536 --- [oauth-assignment] [http-nio-8080-exec-3] s.s.w.f.HttpStatusRequestRejectedHandler : Rejecting request due to: The request was rejected because the URL contained a potentially malicious String ";"

org.springframework.security.web.firewall.RequestRejectedException: The request was rejected because the URL contained a potentially malicious String ";"
	at org.springframework.security.web.firewall.StrictHttpFirewall.rejectedBlocklistedUrls(StrictHttpFirewall.java:548) ~[spring-security-web-7.1.1.jar:7.1.1]
	at org.springframework.security.web.firewall.StrictHttpFirewall.getFirewalledRequest(StrictHttpFirewall.java:518) ~[spring-security-web-7.1.1.jar:7.1.1]
	at org.springframework.security.web.FilterChainProxy.doFilterInternal(FilterChainProxy.java:215) ~[spring-security-web-7.1.1.jar:7.1.1]
	at org.springframework.security.web.FilterChainProxy.doFilter(FilterChainProxy.java:195) ~[spring-security-web-7.1.1.jar:7.1.1]
	at org.springframework.web.filter.CompositeFilter$VirtualFilterChain.doFilter(CompositeFilter.java:113) ~[spring-web-7.0.9.jar:7.0.9]
	at org.springframework.web.filter.ServletRequestPathFilter.doFilter(ServletRequestPathFilter.java:52) ~[spring-web-7.0.9.jar:7.0.9]
	at org.springframework.web.filter.CompositeFilter$VirtualFilterChain.doFilter(CompositeFilter.java:113) ~[spring-web-7.0.9.jar:7.0.9]
	at org.springframework.web.filter.CompositeFilter.doFilter(CompositeFilter.java:74) ~[spring-web-7.0.9.jar:7.0.9]
	at org.springframework.security.config.annotation.web.configuration.WebSecurityConfiguration$CompositeFilterChainProxy.doFilter(WebSecurityConfiguration.java:317) ~[spring-security-config-7.1.1.jar:7.1.1]
	at org.springframework.web.filter.DelegatingFilterProxy.invokeDelegate(DelegatingFilterProxy.java:355) ~[spring-web-7.0.9.jar:7.0.9]
	at org.springframework.web.filter.DelegatingFilterProxy.doFilter(DelegatingFilterProxy.java:272) ~[spring-web-7.0.9.jar:7.0.9]
	at org.apache.catalina.core.ApplicationFilterChain.doFilter(ApplicationFilterChain.java:111) ~[tomcat-embed-core-11.0.24.jar:11.0.24]
	at org.springframework.web.filter.RequestContextFilter.doFilterInternal(RequestContextFilter.java:100) ~[spring-web-7.0.9.jar:7.0.9]
	at org.springframework.web.filter.OncePerRequestFilter.doFilter(OncePerRequestFilter.java:116) ~[spring-web-7.0.9.jar:7.0.9]
	at org.apache.catalina.core.ApplicationFilterChain.doFilter(ApplicationFilterChain.java:111) ~[tomcat-embed-core-11.0.24.jar:11.0.24]
	at org.springframework.web.filter.FormContentFilter.doFilterInternal(FormContentFilter.java:93) ~[spring-web-7.0.9.jar:7.0.9]
	at org.springframework.web.filter.OncePerRequestFilter.doFilter(OncePerRequestFilter.java:116) ~[spring-web-7.0.9.jar:7.0.9]
	at org.apache.catalina.core.ApplicationFilterChain.doFilter(ApplicationFilterChain.java:111) ~[tomcat-embed-core-11.0.24.jar:11.0.24]
	at org.springframework.web.filter.CharacterEncodingFilter.doFilterInternal(CharacterEncodingFilter.java:199) ~[spring-web-7.0.9.jar:7.0.9]
	at org.springframework.web.filter.OncePerRequestFilter.doFilter(OncePerRequestFilter.java:116) ~[spring-web-7.0.9.jar:7.0.9]
	at org.apache.catalina.core.ApplicationFilterChain.doFilter(ApplicationFilterChain.java:111) ~[tomcat-embed-core-11.0.24.jar:11.0.24]
	at org.apache.catalina.core.StandardWrapperValve.invoke(StandardWrapperValve.java:165) ~[tomcat-embed-core-11.0.24.jar:11.0.24]
	at org.apache.catalina.core.StandardContextValve.invoke(StandardContextValve.java:77) ~[tomcat-embed-core-11.0.24.jar:11.0.24]
	at org.apache.catalina.authenticator.AuthenticatorBase.invoke(AuthenticatorBase.java:535) ~[tomcat-embed-core-11.0.24.jar:11.0.24]
	at org.apache.catalina.core.StandardHostValve.invoke(StandardHostValve.java:115) ~[tomcat-embed-core-11.0.24.jar:11.0.24]
	at org.apache.catalina.valves.ErrorReportValve.invoke(ErrorReportValve.java:86) ~[tomcat-embed-core-11.0.24.jar:11.0.24]
	at org.apache.catalina.core.StandardEngineValve.invoke(StandardEngineValve.java:71) ~[tomcat-embed-core-11.0.24.jar:11.0.24]
	at org.apache.catalina.connector.CoyoteAdapter.service(CoyoteAdapter.java:347) ~[tomcat-embed-core-11.0.24.jar:11.0.24]
	at org.apache.coyote.http11.Http11Processor.service(Http11Processor.java:406) ~[tomcat-embed-core-11.0.24.jar:11.0.24]
	at org.apache.coyote.AbstractProcessorLight.process(AbstractProcessorLight.java:71) ~[tomcat-embed-core-11.0.24.jar:11.0.24]
	at org.apache.coyote.AbstractProtocol$ConnectionHandler.process(AbstractProtocol.java:1307) ~[tomcat-embed-core-11.0.24.jar:11.0.24]
	at org.apache.tomcat.util.net.NioEndpoint$SocketProcessor.doRun(NioEndpoint.java:2036) ~[tomcat-embed-core-11.0.24.jar:11.0.24]
	at org.apache.tomcat.util.net.SocketProcessorBase.run(SocketProcessorBase.java:74) ~[tomcat-embed-core-11.0.24.jar:11.0.24]
	at org.apache.tomcat.util.threads.ThreadPoolExecutor.runWorker(ThreadPoolExecutor.java:949) ~[tomcat-embed-core-11.0.24.jar:11.0.24]
	at org.apache.tomcat.util.threads.ThreadPoolExecutor$Worker.run(ThreadPoolExecutor.java:483) ~[tomcat-embed-core-11.0.24.jar:11.0.24]
	at org.apache.tomcat.util.threads.TaskThread$WrappingRunnable.run(TaskThread.java:74) ~[tomcat-embed-core-11.0.24.jar:11.0.24]
	at java.base/java.lang.Thread.run(Thread.java:1474) ~[na:na]

2026-09-14T19:50:53.185+06:00 DEBUG 18536 --- [oauth-assignment] [http-nio-8080-exec-3] o.s.security.web.FilterChainProxy        : Securing GET /error
2026-09-14T19:50:53.185+06:00 DEBUG 18536 --- [oauth-assignment] [http-nio-8080-exec-3] o.s.s.w.a.AnonymousAuthenticationFilter  : Set SecurityContextHolder to anonymous SecurityContext
2026-09-14T19:50:53.186+06:00 DEBUG 18536 --- [oauth-assignment] [http-nio-8080-exec-3] o.s.s.w.s.HttpSessionRequestCache        : Saved request http://localhost:8080/error?continue to session
2026-09-14T19:50:53.187+06:00 DEBUG 18536 --- [oauth-assignment] [http-nio-8080-exec-3] s.w.a.DelegatingAuthenticationEntryPoint : Trying to match using And [Not [RequestHeaderRequestMatcher [expectedHeaderName=X-Requested-With, expectedHeaderValue=XMLHttpRequest]], Not [And [Or [PathPattern [/login], PathPattern [/favicon.ico]], And [Not [RequestHeaderRequestMatcher [expectedHeaderName=X-Requested-With, expectedHeaderValue=XMLHttpRequest]], MediaTypeRequestMatcher [contentNegotiationStrategy=org.springframework.web.accept.ContentNegotiationManager@697a2675, matchingMediaTypes=[application/xhtml+xml, image/*, text/html, text/plain], useEquals=false, ignoredMediaTypes=[*/*]]]]], org.springframework.security.config.annotation.web.configurers.oauth2.client.OAuth2LoginConfigurer$$Lambda/0x000000003948a570@677d8f44]
2026-09-14T19:50:53.187+06:00 DEBUG 18536 --- [oauth-assignment] [http-nio-8080-exec-3] s.w.a.DelegatingAuthenticationEntryPoint : Match found! Executing org.springframework.security.web.authentication.LoginUrlAuthenticationEntryPoint@7bf73cf8
2026-09-14T19:50:53.187+06:00 DEBUG 18536 --- [oauth-assignment] [http-nio-8080-exec-3] o.s.s.web.DefaultRedirectStrategy        : Redirecting to /oauth2/authorization/google
2026-09-14T19:50:53.190+06:00 DEBUG 18536 --- [oauth-assignment] [http-nio-8080-exec-2] o.s.security.web.FilterChainProxy        : Securing GET /oauth2/authorization/google
2026-09-14T19:50:53.193+06:00 DEBUG 18536 --- [oauth-assignment] [http-nio-8080-exec-2] o.s.s.web.DefaultRedirectStrategy        : Redirecting to https://accounts.google.com/o/oauth2/v2/auth?response_type=code&client_id=65256973140-icpcroenlv362qio1219pc2ct3ajd2a7.apps.googleusercontent.com&scope=profile%20email&state=0VL1KpJ_1uCNghipBVbZgFx4qSXh4A-Z41IPTG6vJPw%3D&redirect_uri=http://localhost:8080/login/oauth2/code/google&code_challenge=nqAcNBhVHyGbJyjOQZC10a9jpiDoTYwy6-clkMuwSPE&code_challenge_method=S256
2026-09-14T19:50:53.617+06:00 DEBUG 18536 --- [oauth-assignment] [http-nio-8080-exec-5] o.s.security.web.FilterChainProxy        : Securing GET /favicon.ico
2026-09-14T19:50:53.617+06:00 DEBUG 18536 --- [oauth-assignment] [http-nio-8080-exec-5] o.s.s.w.a.AnonymousAuthenticationFilter  : Set SecurityContextHolder to anonymous SecurityContext
2026-09-14T19:50:53.618+06:00 DEBUG 18536 --- [oauth-assignment] [http-nio-8080-exec-5] s.w.a.DelegatingAuthenticationEntryPoint : Trying to match using And [Not [RequestHeaderRequestMatcher [expectedHeaderName=X-Requested-With, expectedHeaderValue=XMLHttpRequest]], Not [And [Or [PathPattern [/login], PathPattern [/favicon.ico]], And [Not [RequestHeaderRequestMatcher [expectedHeaderName=X-Requested-With, expectedHeaderValue=XMLHttpRequest]], MediaTypeRequestMatcher [contentNegotiationStrategy=org.springframework.web.accept.ContentNegotiationManager@697a2675, matchingMediaTypes=[application/xhtml+xml, image/*, text/html, text/plain], useEquals=false, ignoredMediaTypes=[*/*]]]]], org.springframework.security.config.annotation.web.configurers.oauth2.client.OAuth2LoginConfigurer$$Lambda/0x000000003948a570@677d8f44]
2026-09-14T19:50:53.618+06:00 DEBUG 18536 --- [oauth-assignment] [http-nio-8080-exec-5] s.w.a.DelegatingAuthenticationEntryPoint : No match found. Using default entry point org.springframework.security.web.authentication.LoginUrlAuthenticationEntryPoint@66d0aeac
2026-09-14T19:50:53.618+06:00 DEBUG 18536 --- [oauth-assignment] [http-nio-8080-exec-5] o.s.s.web.DefaultRedirectStrategy        : Redirecting to /login
2026-09-14T19:50:53.620+06:00 DEBUG 18536 --- [oauth-assignment] [http-nio-8080-exec-6] o.s.security.web.FilterChainProxy        : Securing GET /login
2026-09-14T19:50:55.914+06:00 DEBUG 18536 --- [oauth-assignment] [http-nio-8080-exec-7] o.s.security.web.FilterChainProxy        : Securing GET /oauth2/authorization/google
2026-09-14T19:50:55.915+06:00 DEBUG 18536 --- [oauth-assignment] [http-nio-8080-exec-7] o.s.s.web.DefaultRedirectStrategy        : Redirecting to https://accounts.google.com/o/oauth2/v2/auth?response_type=code&client_id=65256973140-icpcroenlv362qio1219pc2ct3ajd2a7.apps.googleusercontent.com&scope=profile%20email&state=t4F752aHaGN8X-597B3-jzCIID5_vsFUmQ6Vu4HaDSM%3D&redirect_uri=http://localhost:8080/login/oauth2/code/google&code_challenge=I-HVXfK-oLkqYKsJDT0jVQdP6qxnJKGF9SJDL5E51vo&code_challenge_method=S256
2026-09-14T19:51:00.245+06:00 DEBUG 18536 --- [oauth-assignment] [http-nio-8080-exec-8] o.s.security.web.FilterChainProxy        : Securing GET /login/oauth2/code/google?state=t4F752aHaGN8X-597B3-jzCIID5_vsFUmQ6Vu4HaDSM%3D&iss=https%3A%2F%2Faccounts.google.com&code=4%2F0ATsMZqBNQvcDxtl-JN6iT02ICbapsFlszZTJjLpSHmqtNdWQS8zvR_i03AV0aNOZtJIL5g&scope=email+profile+https%3A%2F%2Fwww.googleapis.com%2Fauth%2Fuserinfo.email+https%3A%2F%2Fwww.googleapis.com%2Fauth%2Fuserinfo.profile+openid&authuser=0&prompt=none
2026-09-14T19:51:00.971+06:00  INFO 18536 --- [oauth-assignment] [http-nio-8080-exec-8] com.data.oauth.logging.SecurityLogger    : Successful user login: 106304961702821403836
2026-09-14T19:51:00.972+06:00 DEBUG 18536 --- [oauth-assignment] [http-nio-8080-exec-8] .s.ChangeSessionIdAuthenticationStrategy : Changed session id from 4CDF596B76BF409D5C923D81C183EF67
2026-09-14T19:51:00.972+06:00 DEBUG 18536 --- [oauth-assignment] [http-nio-8080-exec-8] w.c.HttpSessionSecurityContextRepository : Stored SecurityContextImpl [Authentication=OAuth2AuthenticationToken [Principal=Name: [106304961702821403836], Granted Authorities: [[OAUTH2_USER, SCOPE_https://www.googleapis.com/auth/userinfo.email, SCOPE_https://www.googleapis.com/auth/userinfo.profile, SCOPE_openid]], User Attributes: [{sub=106304961702821403836, name=Md Salauddin, given_name=Md, family_name=Salauddin, picture=https://lh3.googleusercontent.com/a/ACg8ocKrJNqsJmGQ25NvGUVOfxqKPEdmx4j3Xc-SztnUXrB0Pb8BoeM=s96-c, email=md.salauddin24024@gmail.com, email_verified=true}], Credentials=[PROTECTED], Authenticated=true, Details=WebAuthenticationDetails [RemoteIpAddress=0:0:0:0:0:0:0:1, SessionId=4CDF596B76BF409D5C923D81C183EF67], Granted Authorities=[SCOPE_openid, OAUTH2_USER, SCOPE_https://www.googleapis.com/auth/userinfo.profile, SCOPE_https://www.googleapis.com/auth/userinfo.email, FactorGrantedAuthority [authority=FACTOR_AUTHORIZATION_CODE, issuedAt=2026-09-14T13:51:00.970996400Z]]]] to HttpSession [org.apache.catalina.session.StandardSessionFacade@58aef6d9]
2026-09-14T19:51:00.972+06:00 DEBUG 18536 --- [oauth-assignment] [http-nio-8080-exec-8] .s.o.c.w.OAuth2LoginAuthenticationFilter : Set SecurityContextHolder to OAuth2AuthenticationToken [Principal=Name: [106304961702821403836], Granted Authorities: [[OAUTH2_USER, SCOPE_https://www.googleapis.com/auth/userinfo.email, SCOPE_https://www.googleapis.com/auth/userinfo.profile, SCOPE_openid]], User Attributes: [{sub=106304961702821403836, name=Md Salauddin, given_name=Md, family_name=Salauddin, picture=https://lh3.googleusercontent.com/a/ACg8ocKrJNqsJmGQ25NvGUVOfxqKPEdmx4j3Xc-SztnUXrB0Pb8BoeM=s96-c, email=md.salauddin24024@gmail.com, email_verified=true}], Credentials=[PROTECTED], Authenticated=true, Details=WebAuthenticationDetails [RemoteIpAddress=0:0:0:0:0:0:0:1, SessionId=4CDF596B76BF409D5C923D81C183EF67], Granted Authorities=[SCOPE_openid, OAUTH2_USER, SCOPE_https://www.googleapis.com/auth/userinfo.profile, SCOPE_https://www.googleapis.com/auth/userinfo.email, FactorGrantedAuthority [authority=FACTOR_AUTHORIZATION_CODE, issuedAt=2026-09-14T13:51:00.970996400Z]]]
2026-09-14T19:51:00.973+06:00 DEBUG 18536 --- [oauth-assignment] [http-nio-8080-exec-8] o.s.s.web.DefaultRedirectStrategy        : Redirecting to /dashboard.html
2026-09-14T19:51:00.977+06:00 DEBUG 18536 --- [oauth-assignment] [http-nio-8080-exec-9] o.s.security.web.FilterChainProxy        : Securing GET /dashboard.html
2026-09-14T19:51:00.978+06:00 DEBUG 18536 --- [oauth-assignment] [http-nio-8080-exec-9] w.c.HttpSessionSecurityContextRepository : Retrieved SecurityContextImpl [Authentication=OAuth2AuthenticationToken [Principal=Name: [106304961702821403836], Granted Authorities: [[OAUTH2_USER, SCOPE_https://www.googleapis.com/auth/userinfo.email, SCOPE_https://www.googleapis.com/auth/userinfo.profile, SCOPE_openid]], User Attributes: [{sub=106304961702821403836, name=Md Salauddin, given_name=Md, family_name=Salauddin, picture=https://lh3.googleusercontent.com/a/ACg8ocKrJNqsJmGQ25NvGUVOfxqKPEdmx4j3Xc-SztnUXrB0Pb8BoeM=s96-c, email=md.salauddin24024@gmail.com, email_verified=true}], Credentials=[PROTECTED], Authenticated=true, Details=WebAuthenticationDetails [RemoteIpAddress=0:0:0:0:0:0:0:1, SessionId=4CDF596B76BF409D5C923D81C183EF67], Granted Authorities=[SCOPE_openid, OAUTH2_USER, SCOPE_https://www.googleapis.com/auth/userinfo.profile, SCOPE_https://www.googleapis.com/auth/userinfo.email, FactorGrantedAuthority [authority=FACTOR_AUTHORIZATION_CODE, issuedAt=2026-09-14T13:51:00.970996400Z]]]]
2026-09-14T19:51:00.978+06:00 DEBUG 18536 --- [oauth-assignment] [http-nio-8080-exec-9] o.s.security.web.FilterChainProxy        : Secured GET /dashboard.html
2026-09-14T19:51:01.029+06:00 DEBUG 18536 --- [oauth-assignment] [http-nio-8080-exec-10] o.s.security.web.FilterChainProxy        : Securing GET /style.css
2026-09-14T19:51:01.030+06:00 DEBUG 18536 --- [oauth-assignment] [http-nio-8080-exec-10] o.s.security.web.FilterChainProxy        : Secured GET /style.css
2026-09-14T19:51:01.033+06:00 DEBUG 18536 --- [oauth-assignment] [http-nio-8080-exec-10] w.c.HttpSessionSecurityContextRepository : Retrieved SecurityContextImpl [Authentication=OAuth2AuthenticationToken [Principal=Name: [106304961702821403836], Granted Authorities: [[OAUTH2_USER, SCOPE_https://www.googleapis.com/auth/userinfo.email, SCOPE_https://www.googleapis.com/auth/userinfo.profile, SCOPE_openid]], User Attributes: [{sub=106304961702821403836, name=Md Salauddin, given_name=Md, family_name=Salauddin, picture=https://lh3.googleusercontent.com/a/ACg8ocKrJNqsJmGQ25NvGUVOfxqKPEdmx4j3Xc-SztnUXrB0Pb8BoeM=s96-c, email=md.salauddin24024@gmail.com, email_verified=true}], Credentials=[PROTECTED], Authenticated=true, Details=WebAuthenticationDetails [RemoteIpAddress=0:0:0:0:0:0:0:1, SessionId=4CDF596B76BF409D5C923D81C183EF67], Granted Authorities=[SCOPE_openid, OAUTH2_USER, SCOPE_https://www.googleapis.com/auth/userinfo.profile, SCOPE_https://www.googleapis.com/auth/userinfo.email, FactorGrantedAuthority [authority=FACTOR_AUTHORIZATION_CODE, issuedAt=2026-09-14T13:51:00.970996400Z]]]]
2026-09-14T19:51:01.034+06:00 DEBUG 18536 --- [oauth-assignment] [http-nio-8080-exec-10] o.s.security.web.FilterChainProxy        : Securing GET /error
2026-09-14T19:51:01.034+06:00 DEBUG 18536 --- [oauth-assignment] [http-nio-8080-exec-10] w.c.HttpSessionSecurityContextRepository : Retrieved SecurityContextImpl [Authentication=OAuth2AuthenticationToken [Principal=Name: [106304961702821403836], Granted Authorities: [[OAUTH2_USER, SCOPE_https://www.googleapis.com/auth/userinfo.email, SCOPE_https://www.googleapis.com/auth/userinfo.profile, SCOPE_openid]], User Attributes: [{sub=106304961702821403836, name=Md Salauddin, given_name=Md, family_name=Salauddin, picture=https://lh3.googleusercontent.com/a/ACg8ocKrJNqsJmGQ25NvGUVOfxqKPEdmx4j3Xc-SztnUXrB0Pb8BoeM=s96-c, email=md.salauddin24024@gmail.com, email_verified=true}], Credentials=[PROTECTED], Authenticated=true, Details=WebAuthenticationDetails [RemoteIpAddress=0:0:0:0:0:0:0:1, SessionId=4CDF596B76BF409D5C923D81C183EF67], Granted Authorities=[SCOPE_openid, OAUTH2_USER, SCOPE_https://www.googleapis.com/auth/userinfo.profile, SCOPE_https://www.googleapis.com/auth/userinfo.email, FactorGrantedAuthority [authority=FACTOR_AUTHORIZATION_CODE, issuedAt=2026-09-14T13:51:00.970996400Z]]]]
2026-09-14T19:51:01.034+06:00 DEBUG 18536 --- [oauth-assignment] [http-nio-8080-exec-10] o.s.security.web.FilterChainProxy        : Secured GET /error
2026-09-14T19:51:01.190+06:00 DEBUG 18536 --- [oauth-assignment] [http-nio-8080-exec-1] o.s.security.web.FilterChainProxy        : Securing GET /api/user/me
2026-09-14T19:51:01.191+06:00 DEBUG 18536 --- [oauth-assignment] [http-nio-8080-exec-1] w.c.HttpSessionSecurityContextRepository : Retrieved SecurityContextImpl [Authentication=OAuth2AuthenticationToken [Principal=Name: [106304961702821403836], Granted Authorities: [[OAUTH2_USER, SCOPE_https://www.googleapis.com/auth/userinfo.email, SCOPE_https://www.googleapis.com/auth/userinfo.profile, SCOPE_openid]], User Attributes: [{sub=106304961702821403836, name=Md Salauddin, given_name=Md, family_name=Salauddin, picture=https://lh3.googleusercontent.com/a/ACg8ocKrJNqsJmGQ25NvGUVOfxqKPEdmx4j3Xc-SztnUXrB0Pb8BoeM=s96-c, email=md.salauddin24024@gmail.com, email_verified=true}], Credentials=[PROTECTED], Authenticated=true, Details=WebAuthenticationDetails [RemoteIpAddress=0:0:0:0:0:0:0:1, SessionId=4CDF596B76BF409D5C923D81C183EF67], Granted Authorities=[SCOPE_openid, OAUTH2_USER, SCOPE_https://www.googleapis.com/auth/userinfo.profile, SCOPE_https://www.googleapis.com/auth/userinfo.email, FactorGrantedAuthority [authority=FACTOR_AUTHORIZATION_CODE, issuedAt=2026-09-14T13:51:00.970996400Z]]]]
2026-09-14T19:51:01.191+06:00 DEBUG 18536 --- [oauth-assignment] [http-nio-8080-exec-1] o.s.security.web.FilterChainProxy        : Secured GET /api/user/me
2026-09-14T19:51:01.194+06:00  INFO 18536 --- [oauth-assignment] [http-nio-8080-exec-1] com.data.oauth.api.UserApi               : Accessing protected endpoint: /api/user/me
2026-09-14T19:51:01.239+06:00 DEBUG 18536 --- [oauth-assignment] [http-nio-8080-exec-4] o.s.security.web.FilterChainProxy        : Securing GET /favicon.ico
2026-09-14T19:51:01.240+06:00 DEBUG 18536 --- [oauth-assignment] [http-nio-8080-exec-4] w.c.HttpSessionSecurityContextRepository : Retrieved SecurityContextImpl [Authentication=OAuth2AuthenticationToken [Principal=Name: [106304961702821403836], Granted Authorities: [[OAUTH2_USER, SCOPE_https://www.googleapis.com/auth/userinfo.email, SCOPE_https://www.googleapis.com/auth/userinfo.profile, SCOPE_openid]], User Attributes: [{sub=106304961702821403836, name=Md Salauddin, given_name=Md, family_name=Salauddin, picture=https://lh3.googleusercontent.com/a/ACg8ocKrJNqsJmGQ25NvGUVOfxqKPEdmx4j3Xc-SztnUXrB0Pb8BoeM=s96-c, email=md.salauddin24024@gmail.com, email_verified=true}], Credentials=[PROTECTED], Authenticated=true, Details=WebAuthenticationDetails [RemoteIpAddress=0:0:0:0:0:0:0:1, SessionId=4CDF596B76BF409D5C923D81C183EF67], Granted Authorities=[SCOPE_openid, OAUTH2_USER, SCOPE_https://www.googleapis.com/auth/userinfo.profile, SCOPE_https://www.googleapis.com/auth/userinfo.email, FactorGrantedAuthority [authority=FACTOR_AUTHORIZATION_CODE, issuedAt=2026-09-14T13:51:00.970996400Z]]]]
2026-09-14T19:51:01.240+06:00 DEBUG 18536 --- [oauth-assignment] [http-nio-8080-exec-4] o.s.security.web.FilterChainProxy        : Secured GET /favicon.ico
2026-09-14T19:51:01.241+06:00 DEBUG 18536 --- [oauth-assignment] [http-nio-8080-exec-4] o.s.security.web.FilterChainProxy        : Securing GET /error
2026-09-14T19:51:01.242+06:00 DEBUG 18536 --- [oauth-assignment] [http-nio-8080-exec-4] w.c.HttpSessionSecurityContextRepository : Retrieved SecurityContextImpl [Authentication=OAuth2AuthenticationToken [Principal=Name: [106304961702821403836], Granted Authorities: [[OAUTH2_USER, SCOPE_https://www.googleapis.com/auth/userinfo.email, SCOPE_https://www.googleapis.com/auth/userinfo.profile, SCOPE_openid]], User Attributes: [{sub=106304961702821403836, name=Md Salauddin, given_name=Md, family_name=Salauddin, picture=https://lh3.googleusercontent.com/a/ACg8ocKrJNqsJmGQ25NvGUVOfxqKPEdmx4j3Xc-SztnUXrB0Pb8BoeM=s96-c, email=md.salauddin24024@gmail.com, email_verified=true}], Credentials=[PROTECTED], Authenticated=true, Details=WebAuthenticationDetails [RemoteIpAddress=0:0:0:0:0:0:0:1, SessionId=4CDF596B76BF409D5C923D81C183EF67], Granted Authorities=[SCOPE_openid, OAUTH2_USER, SCOPE_https://www.googleapis.com/auth/userinfo.profile, SCOPE_https://www.googleapis.com/auth/userinfo.email, FactorGrantedAuthority [authority=FACTOR_AUTHORIZATION_CODE, issuedAt=2026-09-14T13:51:00.970996400Z]]]]
2026-09-14T19:51:01.242+06:00 DEBUG 18536 --- [oauth-assignment] [http-nio-8080-exec-4] o.s.security.web.FilterChainProxy        : Secured GET /error
2026-09-14T19:51:03.050+06:00 DEBUG 18536 --- [oauth-assignment] [http-nio-8080-exec-3] o.s.security.web.FilterChainProxy        : Securing POST /logout
2026-09-14T19:51:03.051+06:00 DEBUG 18536 --- [oauth-assignment] [http-nio-8080-exec-3] o.s.security.web.csrf.CsrfFilter         : Invalid CSRF token found for http://localhost:8080/logout
2026-09-14T19:51:03.052+06:00 DEBUG 18536 --- [oauth-assignment] [http-nio-8080-exec-3] o.s.s.w.access.AccessDeniedHandlerImpl   : Responding with 403 status code
2026-09-14T19:51:03.052+06:00 DEBUG 18536 --- [oauth-assignment] [http-nio-8080-exec-3] o.s.security.web.FilterChainProxy        : Securing GET /error
2026-09-14T19:51:03.053+06:00 DEBUG 18536 --- [oauth-assignment] [http-nio-8080-exec-3] w.c.HttpSessionSecurityContextRepository : Retrieved SecurityContextImpl [Authentication=OAuth2AuthenticationToken [Principal=Name: [106304961702821403836], Granted Authorities: [[OAUTH2_USER, SCOPE_https://www.googleapis.com/auth/userinfo.email, SCOPE_https://www.googleapis.com/auth/userinfo.profile, SCOPE_openid]], User Attributes: [{sub=106304961702821403836, name=Md Salauddin, given_name=Md, family_name=Salauddin, picture=https://lh3.googleusercontent.com/a/ACg8ocKrJNqsJmGQ25NvGUVOfxqKPEdmx4j3Xc-SztnUXrB0Pb8BoeM=s96-c, email=md.salauddin24024@gmail.com, email_verified=true}], Credentials=[PROTECTED], Authenticated=true, Details=WebAuthenticationDetails [RemoteIpAddress=0:0:0:0:0:0:0:1, SessionId=4CDF596B76BF409D5C923D81C183EF67], Granted Authorities=[SCOPE_openid, OAUTH2_USER, SCOPE_https://www.googleapis.com/auth/userinfo.profile, SCOPE_https://www.googleapis.com/auth/userinfo.email, FactorGrantedAuthority [authority=FACTOR_AUTHORIZATION_CODE, issuedAt=2026-09-14T13:51:00.970996400Z]]]]
2026-09-14T19:51:03.053+06:00 DEBUG 18536 --- [oauth-assignment] [http-nio-8080-exec-3] o.s.security.web.FilterChainProxy        : Secured GET /error
2026-09-14T19:51:06.125+06:00 DEBUG 18536 --- [oauth-assignment] [http-nio-8080-exec-2] o.s.security.web.FilterChainProxy        : Securing GET /dashboard.html
2026-09-14T19:51:06.126+06:00 DEBUG 18536 --- [oauth-assignment] [http-nio-8080-exec-2] w.c.HttpSessionSecurityContextRepository : Retrieved SecurityContextImpl [Authentication=OAuth2AuthenticationToken [Principal=Name: [106304961702821403836], Granted Authorities: [[OAUTH2_USER, SCOPE_https://www.googleapis.com/auth/userinfo.email, SCOPE_https://www.googleapis.com/auth/userinfo.profile, SCOPE_openid]], User Attributes: [{sub=106304961702821403836, name=Md Salauddin, given_name=Md, family_name=Salauddin, picture=https://lh3.googleusercontent.com/a/ACg8ocKrJNqsJmGQ25NvGUVOfxqKPEdmx4j3Xc-SztnUXrB0Pb8BoeM=s96-c, email=md.salauddin24024@gmail.com, email_verified=true}], Credentials=[PROTECTED], Authenticated=true, Details=WebAuthenticationDetails [RemoteIpAddress=0:0:0:0:0:0:0:1, SessionId=4CDF596B76BF409D5C923D81C183EF67], Granted Authorities=[SCOPE_openid, OAUTH2_USER, SCOPE_https://www.googleapis.com/auth/userinfo.profile, SCOPE_https://www.googleapis.com/auth/userinfo.email, FactorGrantedAuthority [authority=FACTOR_AUTHORIZATION_CODE, issuedAt=2026-09-14T13:51:00.970996400Z]]]]
2026-09-14T19:51:06.126+06:00 DEBUG 18536 --- [oauth-assignment] [http-nio-8080-exec-2] o.s.security.web.FilterChainProxy        : Secured GET /dashboard.html
2026-09-14T19:51:06.143+06:00 DEBUG 18536 --- [oauth-assignment] [http-nio-8080-exec-5] o.s.security.web.FilterChainProxy        : Securing GET /style.css
2026-09-14T19:51:06.143+06:00 DEBUG 18536 --- [oauth-assignment] [http-nio-8080-exec-5] o.s.security.web.FilterChainProxy        : Secured GET /style.css
2026-09-14T19:51:06.145+06:00 DEBUG 18536 --- [oauth-assignment] [http-nio-8080-exec-5] w.c.HttpSessionSecurityContextRepository : Retrieved SecurityContextImpl [Authentication=OAuth2AuthenticationToken [Principal=Name: [106304961702821403836], Granted Authorities: [[OAUTH2_USER, SCOPE_https://www.googleapis.com/auth/userinfo.email, SCOPE_https://www.googleapis.com/auth/userinfo.profile, SCOPE_openid]], User Attributes: [{sub=106304961702821403836, name=Md Salauddin, given_name=Md, family_name=Salauddin, picture=https://lh3.googleusercontent.com/a/ACg8ocKrJNqsJmGQ25NvGUVOfxqKPEdmx4j3Xc-SztnUXrB0Pb8BoeM=s96-c, email=md.salauddin24024@gmail.com, email_verified=true}], Credentials=[PROTECTED], Authenticated=true, Details=WebAuthenticationDetails [RemoteIpAddress=0:0:0:0:0:0:0:1, SessionId=4CDF596B76BF409D5C923D81C183EF67], Granted Authorities=[SCOPE_openid, OAUTH2_USER, SCOPE_https://www.googleapis.com/auth/userinfo.profile, SCOPE_https://www.googleapis.com/auth/userinfo.email, FactorGrantedAuthority [authority=FACTOR_AUTHORIZATION_CODE, issuedAt=2026-09-14T13:51:00.970996400Z]]]]
2026-09-14T19:51:06.145+06:00 DEBUG 18536 --- [oauth-assignment] [http-nio-8080-exec-5] o.s.security.web.FilterChainProxy        : Securing GET /error
2026-09-14T19:51:06.146+06:00 DEBUG 18536 --- [oauth-assignment] [http-nio-8080-exec-5] w.c.HttpSessionSecurityContextRepository : Retrieved SecurityContextImpl [Authentication=OAuth2AuthenticationToken [Principal=Name: [106304961702821403836], Granted Authorities: [[OAUTH2_USER, SCOPE_https://www.googleapis.com/auth/userinfo.email, SCOPE_https://www.googleapis.com/auth/userinfo.profile, SCOPE_openid]], User Attributes: [{sub=106304961702821403836, name=Md Salauddin, given_name=Md, family_name=Salauddin, picture=https://lh3.googleusercontent.com/a/ACg8ocKrJNqsJmGQ25NvGUVOfxqKPEdmx4j3Xc-SztnUXrB0Pb8BoeM=s96-c, email=md.salauddin24024@gmail.com, email_verified=true}], Credentials=[PROTECTED], Authenticated=true, Details=WebAuthenticationDetails [RemoteIpAddress=0:0:0:0:0:0:0:1, SessionId=4CDF596B76BF409D5C923D81C183EF67], Granted Authorities=[SCOPE_openid, OAUTH2_USER, SCOPE_https://www.googleapis.com/auth/userinfo.profile, SCOPE_https://www.googleapis.com/auth/userinfo.email, FactorGrantedAuthority [authority=FACTOR_AUTHORIZATION_CODE, issuedAt=2026-09-14T13:51:00.970996400Z]]]]
2026-09-14T19:51:06.146+06:00 DEBUG 18536 --- [oauth-assignment] [http-nio-8080-exec-5] o.s.security.web.FilterChainProxy        : Secured GET /error
2026-09-14T19:51:06.149+06:00 DEBUG 18536 --- [oauth-assignment] [http-nio-8080-exec-6] o.s.security.web.FilterChainProxy        : Securing GET /api/user/me
2026-09-14T19:51:06.150+06:00 DEBUG 18536 --- [oauth-assignment] [http-nio-8080-exec-6] w.c.HttpSessionSecurityContextRepository : Retrieved SecurityContextImpl [Authentication=OAuth2AuthenticationToken [Principal=Name: [106304961702821403836], Granted Authorities: [[OAUTH2_USER, SCOPE_https://www.googleapis.com/auth/userinfo.email, SCOPE_https://www.googleapis.com/auth/userinfo.profile, SCOPE_openid]], User Attributes: [{sub=106304961702821403836, name=Md Salauddin, given_name=Md, family_name=Salauddin, picture=https://lh3.googleusercontent.com/a/ACg8ocKrJNqsJmGQ25NvGUVOfxqKPEdmx4j3Xc-SztnUXrB0Pb8BoeM=s96-c, email=md.salauddin24024@gmail.com, email_verified=true}], Credentials=[PROTECTED], Authenticated=true, Details=WebAuthenticationDetails [RemoteIpAddress=0:0:0:0:0:0:0:1, SessionId=4CDF596B76BF409D5C923D81C183EF67], Granted Authorities=[SCOPE_openid, OAUTH2_USER, SCOPE_https://www.googleapis.com/auth/userinfo.profile, SCOPE_https://www.googleapis.com/auth/userinfo.email, FactorGrantedAuthority [authority=FACTOR_AUTHORIZATION_CODE, issuedAt=2026-09-14T13:51:00.970996400Z]]]]
2026-09-14T19:51:06.150+06:00 DEBUG 18536 --- [oauth-assignment] [http-nio-8080-exec-6] o.s.security.web.FilterChainProxy        : Secured GET /api/user/me
2026-09-14T19:51:06.150+06:00  INFO 18536 --- [oauth-assignment] [http-nio-8080-exec-6] com.data.oauth.api.UserApi               : Accessing protected endpoint: /api/user/me
2026-09-14T19:51:13.648+06:00 DEBUG 18536 --- [oauth-assignment] [http-nio-8080-exec-7] o.s.security.web.FilterChainProxy        : Securing GET /login/oauth2/code/google?state=t4F752aHaGN8X-597B3-jzCIID5_vsFUmQ6Vu4HaDSM%3D&iss=https%3A%2F%2Faccounts.google.com&code=4%2F0ATsMZqBbYTWZMNKKXgSj9gjGOexjvuukj3npzRfqE0Hbir0n2h83unGeTDrSUW5gdJAKmg&scope=email+profile+https%3A%2F%2Fwww.googleapis.com%2Fauth%2Fuserinfo.profile+https%3A%2F%2Fwww.googleapis.com%2Fauth%2Fuserinfo.email+openid&authuser=1&prompt=consent
2026-09-14T19:51:13.649+06:00 DEBUG 18536 --- [oauth-assignment] [http-nio-8080-exec-7] o.s.s.web.DefaultRedirectStrategy        : Redirecting to /login?error
2026-09-14T19:51:13.652+06:00 DEBUG 18536 --- [oauth-assignment] [http-nio-8080-exec-8] o.s.security.web.FilterChainProxy        : Securing GET /login?error
2026-09-14T19:51:13.688+06:00 DEBUG 18536 --- [oauth-assignment] [http-nio-8080-exec-9] o.s.security.web.FilterChainProxy        : Securing GET /default-ui.css
2026-09-14T19:51:16.353+06:00 DEBUG 18536 --- [oauth-assignment] [http-nio-8080-exec-10] o.s.security.web.FilterChainProxy        : Securing GET /oauth2/authorization/google
2026-09-14T19:51:16.354+06:00 DEBUG 18536 --- [oauth-assignment] [http-nio-8080-exec-10] o.s.s.web.DefaultRedirectStrategy        : Redirecting to https://accounts.google.com/o/oauth2/v2/auth?response_type=code&client_id=65256973140-icpcroenlv362qio1219pc2ct3ajd2a7.apps.googleusercontent.com&scope=profile%20email&state=FE0j7uLA03Gv23nfe54VX85FuDsxGtoIPCnoJ24vts0%3D&redirect_uri=http://localhost:8080/login/oauth2/code/google&code_challenge=4_K1YevO22mi3179Aix-jRG4_FGt2QvJBPViuh2pYPA&code_challenge_method=S256
2026-09-14T19:51:24.228+06:00  INFO 18536 --- [oauth-assignment] [SpringApplicationShutdownHook] o.s.boot.tomcat.GracefulShutdown         : Commencing graceful shutdown. Waiting for active requests to complete
2026-09-14T19:51:24.231+06:00  INFO 18536 --- [oauth-assignment] [tomcat-shutdown] o.s.boot.tomcat.GracefulShutdown         : Graceful shutdown complete
